// Jest Snapshot v1, https://goo.gl/fbAQLP

exports[`Placeholder Empty 1`] = `
Array [
  Object {
    "apiVersion": "apps/v1",
    "kind": "Deployment",
    "metadata": Object {
      "name": "test-chart-deployment-c8cfd183",
    },
    "spec": Object {
      "minReadySeconds": 0,
      "progressDeadlineSeconds": 600,
      "replicas": 3,
      "selector": Object {
        "matchLabels": Object {
          "cdk8s.io/metadata.addr": "test-chart-Deployment-c8550d6d",
        },
      },
      "strategy": Object {
        "rollingUpdate": Object {
          "maxSurge": "25%",
          "maxUnavailable": "25%",
        },
        "type": "RollingUpdate",
      },
      "template": Object {
        "metadata": Object {
          "labels": Object {
            "cdk8s.io/metadata.addr": "test-chart-Deployment-c8550d6d",
          },
        },
        "spec": Object {
          "automountServiceAccountToken": false,
          "containers": Array [
            Object {
              "image": "ubuntu",
              "imagePullPolicy": "Always",
              "name": "main",
              "resources": Object {
                "limits": Object {
                  "cpu": "1500m",
                  "memory": "2048Mi",
                },
                "requests": Object {
                  "cpu": "1000m",
                  "memory": "512Mi",
                },
              },
              "securityContext": Object {
                "allowPrivilegeEscalation": false,
                "privileged": false,
                "readOnlyRootFilesystem": true,
                "runAsNonRoot": true,
              },
            },
          ],
          "dnsPolicy": "ClusterFirst",
          "restartPolicy": "Always",
          "securityContext": Object {
            "fsGroupChangePolicy": "Always",
            "runAsNonRoot": true,
          },
          "setHostnameAsFQDN": false,
        },
      },
    },
  },
]
`;
